EN chiatansoena NULL D:/FPGA/CHITANSOENALE/CHIATANSOENA.vhd sub00/vhpl01 1602471454
EN chiatansoenable NULL D:/FPGA/CHITANSOENALE/CHIATANSOENABLE.vhd sub00/vhpl00 1602468960
AR chiatansoena behavioral D:/FPGA/CHITANSOENALE/CHIATANSOENA.vhd sub00/vhpl03 1602471455
AR chiatansoenable behavioral D:/FPGA/CHITANSOENALE/CHIATANSOENA.vhd sub00/vhpl02 1602470398
