V3 4
FL D:/FPGA/CHITANSOENALE/CHIATANSOENA.vhd 2020/10/12.09:57:29 P.20131013
EN work/CHIATANSOENA 1602471454 FL D:/FPGA/CHITANSOENALE/CHIATANSOENA.vhd \
      PB ieee/std_logic_1164 1381692176
AR work/CHIATANSOENA/Behavioral 1602471455 \
      FL D:/FPGA/CHITANSOENALE/CHIATANSOENA.vhd EN work/CHIATANSOENA 1602471454
FL D:/FPGA/CHITANSOENALE/CHIATANSOENABLE.vhd 2020/10/12.09:16:37 P.20131013
