EN chia2xung NULL D:/FPGA/CHIA2TANSO/CHIA2XUNG.vhd sub00/vhpl00 1601789845
AR chia2tanso behavioral D:/FPGA/CHIA2TANSO/CHIA2TANSO.vhd sub00/vhpl03 1601789817
AR chia2xung behavioral D:/FPGA/CHIA2TANSO/CHIA2XUNG.vhd sub00/vhpl01 1601789846
EN chia2tanso NULL D:/FPGA/CHIA2TANSO/CHIA2TANSO.vhd sub00/vhpl02 1601789816
