Release 14.7 - xst P.20131013 (nt64)
Copyright (c) 1995-2013 Xilinx, Inc.  All rights reserved.
--> Parameter TMPDIR set to xst/projnav.tmp


Total REAL time to Xst completion: 0.00 secs
Total CPU time to Xst completion: 0.07 secs
 
--> Parameter xsthdpdir set to xst


Total REAL time to Xst completion: 0.00 secs
Total CPU time to Xst completion: 0.07 secs
 
--> Reading design: DEM4BIT.prj

TABLE OF CONTENTS
  1) Synthesis Options Summary
  2) HDL Compilation
  3) Design Hierarchy Analysis
  4) HDL Analysis
  5) HDL Synthesis
     5.1) HDL Synthesis Report
  6) Advanced HDL Synthesis
     6.1) Advanced HDL Synthesis Report
  7) Low Level Synthesis
  8) Partition Report
  9) Final Report
	9.1) Device utilization summary
	9.2) Partition Resource Summary
	9.3) TIMING REPORT


=========================================================================
*                      Synthesis Options Summary                        *
=========================================================================
---- Source Parameters
Input File Name                    : "DEM4BIT.prj"
Input Format                       : mixed
Ignore Synthesis Constraint File   : NO

---- Target Parameters
Output File Name                   : "DEM4BIT"
Output Format                      : NGC
Target Device                      : xc3s50a-4-tq144

---- Source Options
Top Module Name                    : DEM4BIT
Automatic FSM Extraction           : YES
FSM Encoding Algorithm             : Auto
Safe Implementation                : No
FSM Style                          : LUT
RAM Extraction                     : Yes
RAM Style                          : Auto
ROM Extraction                     : Yes
Mux Style                          : Auto
Decoder Extraction                 : YES
Priority Encoder Extraction        : Yes
Shift Register Extraction          : YES
Logical Shifter Extraction         : YES
XOR Collapsing                     : YES
ROM Style                          : Auto
Mux Extraction                     : Yes
Resource Sharing                   : YES
Asynchronous To Synchronous        : NO
Multiplier Style                   : Auto
Automatic Register Balancing       : No

---- Target Options
Add IO Buffers                     : YES
Global Maximum Fanout              : 100000
Add Generic Clock Buffer(BUFG)     : 24
Register Duplication               : YES
Slice Packing                      : YES
Optimize Instantiated Primitives   : NO
Use Clock Enable                   : Yes
Use Synchronous Set                : Yes
Use Synchronous Reset              : Yes
Pack IO Registers into IOBs        : Auto
Equivalent register Removal        : YES

---- General Options
Optimization Goal                  : Speed
Optimization Effort                : 1
Keep Hierarchy                     : No
Netlist Hierarchy                  : As_Optimized
RTL Output                         : Yes
Global Optimization                : AllClockNets
Read Cores                         : YES
Write Timing Constraints           : NO
Cross Clock Analysis               : NO
Hierarchy Separator                : /
Bus Delimiter                      : <>
Case Specifier                     : Maintain
Slice Utilization Ratio            : 100
BRAM Utilization Ratio             : 100
Verilog 2001                       : YES
Auto BRAM Packing                  : NO
Slice Utilization Ratio Delta      : 5

=========================================================================


=========================================================================
*                          HDL Compilation                              *
=========================================================================
Compiling vhdl file "D:/FPGA/DEM4BIT/CHIAENABLE1HZ.vhd" in Library work.
Architecture behavioral of Entity chiaenable1hz is up to date.
Compiling vhdl file "D:/FPGA/DEM4BIT/DEM4BITS.vhd" in Library work.
Entity <dem4bits> compiled.
Entity <dem4bits> (Architecture <behavioral>) compiled.
Compiling vhdl file "D:/FPGA/DEM4BIT/DEM4BIT.vhd" in Library work.
Architecture behavioral of Entity dem4bit is up to date.

=========================================================================
*                     Design Hierarchy Analysis                         *
=========================================================================
Analyzing hierarchy for entity <DEM4BIT> in library <work> (architecture <behavioral>).

Analyzing hierarchy for entity <CHIAENABLE1HZ> in library <work> (architecture <Behavioral>).

Analyzing hierarchy for entity <DEM4BITS> in library <work> (architecture <Behavioral>).


=========================================================================
*                            HDL Analysis                               *
=========================================================================
Analyzing Entity <DEM4BIT> in library <work> (Architecture <behavioral>).
Entity <DEM4BIT> analyzed. Unit <DEM4BIT> generated.

Analyzing Entity <CHIAENABLE1HZ> in library <work> (Architecture <Behavioral>).
Entity <CHIAENABLE1HZ> analyzed. Unit <CHIAENABLE1HZ> generated.

Analyzing Entity <DEM4BITS> in library <work> (Architecture <Behavioral>).
Entity <DEM4BITS> analyzed. Unit <DEM4BITS> generated.


=========================================================================
*                           HDL Synthesis                               *
=========================================================================

Performing bidirectional port resolution...

Synthesizing Unit <CHIAENABLE1HZ>.
    Related source file is "D:/FPGA/DEM4BIT/CHIAENABLE1HZ.vhd".
    Found 24-bit adder for signal <D1_NEXT$addsub0000> created at line 46.
    Found 24-bit register for signal <D1_REG>.
    Summary:
	inferred  24 D-type flip-flop(s).
	inferred   1 Adder/Subtractor(s).
Unit <CHIAENABLE1HZ> synthesized.


Synthesizing Unit <DEM4BITS>.
    Related source file is "D:/FPGA/DEM4BIT/DEM4BITS.vhd".
WARNING:Xst:647 - Input <RST> is never used. This port will be preserved and left unconnected if it belongs to a top-level block or it belongs to a sub-block and the hierarchy of this sub-block is preserved.
WARNING:Xst:1305 - Output <Q> is never assigned. Tied to value 0000.
    Found 4-bit up counter for signal <QREG>.
    Summary:
	inferred   1 Counter(s).
Unit <DEM4BITS> synthesized.


Synthesizing Unit <DEM4BIT>.
    Related source file is "D:/FPGA/DEM4BIT/DEM4BIT.vhd".
Unit <DEM4BIT> synthesized.


=========================================================================
HDL Synthesis Report

Macro Statistics
# Adders/Subtractors                                   : 1
 24-bit adder                                          : 1
# Registers                                            : 1
 24-bit register                                       : 1

=========================================================================

=========================================================================
*                       Advanced HDL Synthesis                          *
=========================================================================

WARNING:Xst:1290 - Hierarchical block <CHIAENABLE1HZ> is unconnected in block <DEM4BIT>.
   It will be removed from the design.
WARNING:Xst:1290 - Hierarchical block <DEM4BITS> is unconnected in block <DEM4BIT>.
   It will be removed from the design.

=========================================================================
Advanced HDL Synthesis Report

Macro Statistics
# Adders/Subtractors                                   : 1
 24-bit adder                                          : 1
# Registers                                            : 24
 Flip-Flops                                            : 24

=========================================================================

=========================================================================
*                         Low Level Synthesis                           *
=========================================================================

Optimizing unit <DEM4BIT> ...

Optimizing unit <CHIAENABLE1HZ> ...
WARNING:Xst:2677 - Node <CHIAENABLE1HZ/D1_REG_23> of sequential type is unconnected in block <DEM4BIT>.
WARNING:Xst:2677 - Node <CHIAENABLE1HZ/D1_REG_22> of sequential type is unconnected in block <DEM4BIT>.
WARNING:Xst:2677 - Node <CHIAENABLE1HZ/D1_REG_21> of sequential type is unconnected in block <DEM4BIT>.
WARNING:Xst:2677 - Node <CHIAENABLE1HZ/D1_REG_20> of sequential type is unconnected in block <DEM4BIT>.
WARNING:Xst:2677 - Node <CHIAENABLE1HZ/D1_REG_19> of sequential type is unconnected in block <DEM4BIT>.
WARNING:Xst:2677 - Node <CHIAENABLE1HZ/D1_REG_18> of sequential type is unconnected in block <DEM4BIT>.
WARNING:Xst:2677 - Node <CHIAENABLE1HZ/D1_REG_17> of sequential type is unconnected in block <DEM4BIT>.
WARNING:Xst:2677 - Node <CHIAENABLE1HZ/D1_REG_16> of sequential type is unconnected in block <DEM4BIT>.
WARNING:Xst:2677 - Node <CHIAENABLE1HZ/D1_REG_15> of sequential type is unconnected in block <DEM4BIT>.
WARNING:Xst:2677 - Node <CHIAENABLE1HZ/D1_REG_14> of sequential type is unconnected in block <DEM4BIT>.
WARNING:Xst:2677 - Node <CHIAENABLE1HZ/D1_REG_13> of sequential type is unconnected in block <DEM4BIT>.
WARNING:Xst:2677 - Node <CHIAENABLE1HZ/D1_REG_12> of sequential type is unconnected in block <DEM4BIT>.
WARNING:Xst:2677 - Node <CHIAENABLE1HZ/D1_REG_11> of sequential type is unconnected in block <DEM4BIT>.
WARNING:Xst:2677 - Node <CHIAENABLE1HZ/D1_REG_10> of sequential type is unconnected in block <DEM4BIT>.
WARNING:Xst:2677 - Node <CHIAENABLE1HZ/D1_REG_9> of sequential type is unconnected in block <DEM4BIT>.
WARNING:Xst:2677 - Node <CHIAENABLE1HZ/D1_REG_8> of sequential type is unconnected in block <DEM4BIT>.
WARNING:Xst:2677 - Node <CHIAENABLE1HZ/D1_REG_7> of sequential type is unconnected in block <DEM4BIT>.
WARNING:Xst:2677 - Node <CHIAENABLE1HZ/D1_REG_6> of sequential type is unconnected in block <DEM4BIT>.
WARNING:Xst:2677 - Node <CHIAENABLE1HZ/D1_REG_5> of sequential type is unconnected in block <DEM4BIT>.
WARNING:Xst:2677 - Node <CHIAENABLE1HZ/D1_REG_4> of sequential type is unconnected in block <DEM4BIT>.
WARNING:Xst:2677 - Node <CHIAENABLE1HZ/D1_REG_3> of sequential type is unconnected in block <DEM4BIT>.
WARNING:Xst:2677 - Node <CHIAENABLE1HZ/D1_REG_2> of sequential type is unconnected in block <DEM4BIT>.
WARNING:Xst:2677 - Node <CHIAENABLE1HZ/D1_REG_1> of sequential type is unconnected in block <DEM4BIT>.
WARNING:Xst:2677 - Node <CHIAENABLE1HZ/D1_REG_0> of sequential type is unconnected in block <DEM4BIT>.

Mapping all equations...
Building and optimizing final netlist ...
Found area constraint ratio of 100 (+ 5) on block DEM4BIT, actual ratio is 0.

Final Macro Processing ...

=========================================================================
Final Register Report

Found no macro
=========================================================================

=========================================================================
*                           Partition Report                            *
=========================================================================

Partition Implementation Status
-------------------------------

  No Partitions were found in this design.

-------------------------------

=========================================================================
*                            Final Report                               *
=========================================================================
Final Results
RTL Top Level Output File Name     : DEM4BIT.ngr
Top Level Output File Name         : DEM4BIT
Output Format                      : NGC
Optimization Goal                  : Speed
Keep Hierarchy                     : No

Design Statistics
# IOs                              : 6

Cell Usage :
# BELS                             : 1
#      VCC                         : 1
# IO Buffers                       : 4
#      OBUF                        : 4
=========================================================================

Device utilization summary:
---------------------------

Selected Device : 3s50atq144-4 

 Number of Slices:                        0  out of    704     0%  
 Number of IOs:                           6
 Number of bonded IOBs:                   4  out of    108     3%  

---------------------------
Partition Resource Summary:
---------------------------

  No Partitions were found in this design.

---------------------------


=========================================================================
TIMING REPORT

NOTE: THESE TIMING NUMBERS ARE ONLY A SYNTHESIS ESTIMATE.
      FOR ACCURATE TIMING INFORMATION PLEASE REFER TO THE TRACE REPORT
      GENERATED AFTER PLACE-and-ROUTE.

Clock Information:
------------------
No clock signals found in this design

Asynchronous Control Signals Information:
----------------------------------------
No asynchronous control signals found in this design

Timing Summary:
---------------
Speed Grade: -4

   Minimum period: No path found
   Minimum input arrival time before clock: No path found
   Maximum output required time after clock: No path found
   Maximum combinational path delay: No path found

Timing Detail:
--------------
All values displayed in nanoseconds (ns)

=========================================================================


Total REAL time to Xst completion: 3.00 secs
Total CPU time to Xst completion: 3.38 secs
 
--> 

Total memory usage is 4513508 kilobytes

Number of errors   :    0 (   0 filtered)
Number of warnings :   28 (   0 filtered)
Number of infos    :    0 (   0 filtered)

