EN dem4bits NULL D:/FPGA/DEM4BIT/DEM4BITS.vhd sub00/vhpl02 1602483810
AR dem4bits behavioral D:/FPGA/DEM4BIT/DEM4BITS.vhd sub00/vhpl03 1602483811
AR chiaenable1hz behavioral D:/FPGA/DEM4BIT/CHIAENABLE1HZ.vhd sub00/vhpl01 1602483809
EN chiaenable1hz NULL D:/FPGA/DEM4BIT/CHIAENABLE1HZ.vhd sub00/vhpl00 1602483808
AR dem4bit behavioral D:/FPGA/DEM4BIT/DEM4BIT.vhd sub00/vhpl05 1602483813
EN dem4bit NULL D:/FPGA/DEM4BIT/DEM4BIT.vhd sub00/vhpl04 1602483812
