AR chiatanso behavioral D:/FPGA/CHIATANSO/CHIATANSO.vhd sub00/vhpl03 1602470997
EN chiatanso NULL D:/FPGA/CHIATANSO/CHIATANSO.vhd sub00/vhpl02 1602470996
AR chiaxung behavioral D:/FPGA/CHIATANSO/CHIAXUNG.vhd sub00/vhpl01 1602470995
EN chiaxung NULL D:/FPGA/CHIATANSO/CHIAXUNG.vhd sub00/vhpl00 1602470994
