V3 3
FL D:/FPGA/DEMNGAUNHIEN/DEMNGANHIEN.vhd 2020/10/12.13:05:54 P.20131013
EN work/seven 1602483953 FL D:/FPGA/DEMNGAUNHIEN/DEMNGANHIEN.vhd \
      PB ieee/std_logic_1164 1381692176 PB ieee/NUMERIC_STD 1381692181
AR work/seven/Behavioral 1602483954 \
      FL D:/FPGA/DEMNGAUNHIEN/DEMNGANHIEN.vhd EN work/seven 1602483953
